
Discarded input sections

 .text          0x0000000000000000        0x0 build/asm/header.s.o
 .bss           0x0000000000000000        0x0 build/asm/header.s.o
 .reginfo       0x0000000000000000       0x18 build/asm/header.s.o
 .MIPS.abiflags
                0x0000000000000000       0x18 build/asm/header.s.o
 .pdr           0x0000000000000000        0x0 build/asm/header.s.o
 .gnu.attributes
                0x0000000000000000       0x10 build/asm/header.s.o
 .reginfo       0x0000000000000000       0x18 build/asm/1000.s.o
 .MIPS.abiflags
                0x0000000000000000       0x18 build/asm/1000.s.o
 .pdr           0x0000000000000000        0x0 build/asm/1000.s.o
 .gnu.attributes
                0x0000000000000000       0x10 build/asm/1000.s.o
 .reginfo       0x0000000000000000       0x18 build/asm/11C0.s.o
 .MIPS.abiflags
                0x0000000000000000       0x18 build/asm/11C0.s.o
 .pdr           0x0000000000000000        0x0 build/asm/11C0.s.o
 .gnu.attributes
                0x0000000000000000       0x10 build/asm/11C0.s.o
 .reginfo       0x0000000000000000       0x18 build/asm/1FC0.s.o
 .MIPS.abiflags
                0x0000000000000000       0x18 build/asm/1FC0.s.o
 .pdr           0x0000000000000000        0x0 build/asm/1FC0.s.o
 .gnu.attributes
                0x0000000000000000       0x10 build/asm/1FC0.s.o
 .reginfo       0x0000000000000000       0x18 build/asm/2360.s.o
 .MIPS.abiflags
                0x0000000000000000       0x18 build/asm/2360.s.o
 .pdr           0x0000000000000000        0x0 build/asm/2360.s.o
 .gnu.attributes
                0x0000000000000000       0x10 build/asm/2360.s.o
 .reginfo       0x0000000000000000       0x18 build/asm/2D80.s.o
 .MIPS.abiflags
                0x0000000000000000       0x18 build/asm/2D80.s.o
 .pdr           0x0000000000000000        0x0 build/asm/2D80.s.o
 .gnu.attributes
                0x0000000000000000       0x10 build/asm/2D80.s.o
 .reginfo       0x0000000000000000       0x18 build/asm/5850.s.o
 .MIPS.abiflags
                0x0000000000000000       0x18 build/asm/5850.s.o
 .pdr           0x0000000000000000        0x0 build/asm/5850.s.o
 .gnu.attributes
                0x0000000000000000       0x10 build/asm/5850.s.o
 .reginfo       0x0000000000000000       0x18 build/asm/6BE0.s.o
 .MIPS.abiflags
                0x0000000000000000       0x18 build/asm/6BE0.s.o
 .pdr           0x0000000000000000        0x0 build/asm/6BE0.s.o
 .gnu.attributes
                0x0000000000000000       0x10 build/asm/6BE0.s.o
 .reginfo       0x0000000000000000       0x18 build/asm/6C90.s.o
 .MIPS.abiflags
                0x0000000000000000       0x18 build/asm/6C90.s.o
 .pdr           0x0000000000000000        0x0 build/asm/6C90.s.o
 .gnu.attributes
                0x0000000000000000       0x10 build/asm/6C90.s.o
 .reginfo       0x0000000000000000       0x18 build/asm/6EA0.s.o
 .MIPS.abiflags
                0x0000000000000000       0x18 build/asm/6EA0.s.o
 .pdr           0x0000000000000000        0x0 build/asm/6EA0.s.o
 .gnu.attributes
                0x0000000000000000       0x10 build/asm/6EA0.s.o
 .reginfo       0x0000000000000000       0x18 build/asm/9D50.s.o
 .MIPS.abiflags
                0x0000000000000000       0x18 build/asm/9D50.s.o
 .pdr           0x0000000000000000        0x0 build/asm/9D50.s.o
 .gnu.attributes
                0x0000000000000000       0x10 build/asm/9D50.s.o
 .reginfo       0x0000000000000000       0x18 build/asm/A160.s.o
 .MIPS.abiflags
                0x0000000000000000       0x18 build/asm/A160.s.o
 .pdr           0x0000000000000000        0x0 build/asm/A160.s.o
 .gnu.attributes
                0x0000000000000000       0x10 build/asm/A160.s.o
 .reginfo       0x0000000000000000       0x18 build/asm/A220.s.o
 .MIPS.abiflags
                0x0000000000000000       0x18 build/asm/A220.s.o
 .pdr           0x0000000000000000        0x0 build/asm/A220.s.o
 .gnu.attributes
                0x0000000000000000       0x10 build/asm/A220.s.o
 .reginfo       0x0000000000000000       0x18 build/asm/A910.s.o
 .MIPS.abiflags
                0x0000000000000000       0x18 build/asm/A910.s.o
 .pdr           0x0000000000000000        0x0 build/asm/A910.s.o
 .gnu.attributes
                0x0000000000000000       0x10 build/asm/A910.s.o
 .reginfo       0x0000000000000000       0x18 build/asm/DA40.s.o
 .MIPS.abiflags
                0x0000000000000000       0x18 build/asm/DA40.s.o
 .pdr           0x0000000000000000        0x0 build/asm/DA40.s.o
 .gnu.attributes
                0x0000000000000000       0x10 build/asm/DA40.s.o
 .reginfo       0x0000000000000000       0x18 build/asm/E270.s.o
 .MIPS.abiflags
                0x0000000000000000       0x18 build/asm/E270.s.o
 .pdr           0x0000000000000000        0x0 build/asm/E270.s.o
 .gnu.attributes
                0x0000000000000000       0x10 build/asm/E270.s.o
 .reginfo       0x0000000000000000       0x18 build/asm/EBD0.s.o
 .MIPS.abiflags
[...]
Memory Configuration

Name             Origin             Length             Attributes
*default*        0x0000000000000000 0xffffffffffffffff

Linker script and memory map

LOAD build/asm/header.s.o
LOAD build/assets/boot.bin.o
LOAD build/asm/1000.s.o
LOAD build/asm/11C0.s.o
LOAD build/asm/1FC0.s.o
LOAD build/asm/2360.s.o
LOAD build/asm/2D80.s.o
LOAD build/asm/5850.s.o
LOAD build/asm/6BE0.s.o
LOAD build/asm/6C90.s.o
LOAD build/asm/6EA0.s.o
LOAD build/asm/9D50.s.o
LOAD build/asm/A160.s.o
LOAD build/asm/A220.s.o
LOAD build/asm/A910.s.o
LOAD build/asm/DA40.s.o
LOAD build/asm/E270.s.o
LOAD build/asm/EBD0.s.o
LOAD build/asm/EC90.s.o
LOAD build/asm/10520.s.o
LOAD build/asm/10640.s.o
LOAD build/asm/108F0.s.o
LOAD build/asm/10D60.s.o
LOAD build/asm/12760.s.o
LOAD build/asm/14060.s.o
LOAD build/asm/14720.s.o
LOAD build/asm/15020.s.o
LOAD build/asm/15D60.s.o
LOAD build/asm/16840.s.o
LOAD build/asm/16BD0.s.o
LOAD build/asm/198F0.s.o
LOAD build/asm/19A90.s.o
LOAD build/asm/19AA0.s.o
LOAD build/src/code_1A230.c.o
LOAD build/asm/1CA50.s.o
LOAD build/asm/1CC30.s.o
LOAD build/asm/1EDC0.s.o
LOAD build/asm/1F0E0.s.o
LOAD build/asm/1FD50.s.o
LOAD build/asm/202A0.s.o
LOAD build/asm/20D90.s.o
LOAD build/asm/22680.s.o
LOAD build/asm/22EC0.s.o
LOAD build/asm/24530.s.o
LOAD build/asm/24890.s.o
LOAD build/asm/24B70.s.o
LOAD build/asm/24CC0.s.o
LOAD build/asm/24D00.s.o
LOAD build/asm/24DF0.s.o
LOAD build/asm/24E40.s.o
LOAD build/asm/24EE0.s.o
LOAD build/asm/25440.s.o
LOAD build/asm/255D0.s.o
LOAD build/asm/25760.s.o
LOAD build/asm/25A60.s.o
LOAD build/asm/25BE0.s.o
LOAD build/asm/25D70.s.o
LOAD build/asm/25F20.s.o
LOAD build/asm/25FC0.s.o
LOAD build/asm/26440.s.o
LOAD build/asm/26520.s.o
LOAD build/asm/265C0.s.o
LOAD build/asm/26610.s.o
LOAD build/asm/28470.s.o
LOAD build/asm/2E0B0.s.o
LOAD build/asm/2F1E0.s.o
LOAD build/asm/337B0.s.o
LOAD build/asm/37B40.s.o
LOAD build/asm/3AD90.s.o
LOAD build/asm/3C840.s.o
LOAD build/asm/3F900.s.o
LOAD build/asm/43090.s.o
LOAD build/asm/470E0.s.o
LOAD build/asm/4B490.s.o
LOAD build/asm/4FA50.s.o
LOAD build/asm/53A60.s.o
LOAD build/asm/57E00.s.o
LOAD build/asm/58530.s.o
LOAD build/asm/58710.s.o
LOAD build/asm/5D0C0.s.o
LOAD build/asm/5D350.s.o
LOAD build/asm/5F6B0.s.o
LOAD build/asm/61570.s.o
LOAD build/asm/62900.s.o
LOAD build/asm/63A60.s.o
LOAD build/asm/65610.s.o
LOAD build/asm/65FF0.s.o
LOAD build/asm/66230.s.o
LOAD build/asm/66340.s.o
LOAD build/asm/66740.s.o
LOAD build/asm/667A0.s.o
LOAD build/asm/669F0.s.o
LOAD build/asm/66A30.s.o
LOAD build/asm/66A60.s.o
LOAD build/asm/66B10.s.o
LOAD build/asm/66C20.s.o
LOAD build/asm/66C60.s.o
LOAD build/asm/66DD0.s.o
LOAD build/asm/67890.s.o
LOAD build/asm/678D0.s.o
LOAD build/asm/68220.s.o
LOAD build/asm/682C0.s.o
LOAD build/asm/682E0.s.o
LOAD build/asm/68340.s.o
LOAD build/asm/683A0.s.o
LOAD build/asm/68400.s.o
LOAD build/asm/68460.s.o
LOAD build/asm/684B0.s.o
LOAD build/src/code_68590.c.o
LOAD build/asm/68900.s.o
LOAD build/asm/68A80.s.o
LOAD build/asm/68AB0.s.o
LOAD build/asm/68B30.s.o
LOAD build/asm/68BE0.s.o
LOAD build/asm/68BF0.s.o
LOAD build/asm/69420.s.o
LOAD build/asm/6AD60.s.o
LOAD build/asm/6B170.s.o
LOAD build/asm/6B2C0.s.o
LOAD build/asm/6B350.s.o
LOAD build/asm/6B580.s.o
LOAD build/asm/6B670.s.o
LOAD build/asm/6B710.s.o
LOAD build/asm/6B850.s.o
LOAD build/asm/6B9F0.s.o
LOAD build/assets/7CC30.bin.o
                0x0000000000800000                __romPos = 0x0
                0x0000000000000000                _gp = 0x0
                0x0000000000000000                header_ROM_START = __romPos
                0x0000000000000000                header_VRAM = ADDR (.header)

.header         0x0000000000000000       0x40
                0x0000000000000000                header_DATA_START = .
                0x0000000000000000                header_s = .
 build/asm/header.s.o(.data)
 .data          0x0000000000000000       0x40 build/asm/header.s.o
                0x0000000000000040                header_DATA_END = .
                0x0000000000000040                header_DATA_SIZE = ABSOLUTE ((header_DATA_END - header_DATA_START))
                0x0000000000800000                __romPos = (__romPos + SIZEOF (.header))
                0x0000000000000040                header_ROM_END = __romPos
                0x0000000000000040                header_VRAM_END = .
                0x0000000000000040                boot_ROM_START = __romPos
                0x0000000000000040                boot_VRAM = ADDR (.boot)

.boot           0x0000000000000040      0xfc0
                0x0000000000000040                boot_DATA_START = .
                0x0000000000000040                boot_bin = .
 build/assets/boot.bin.o(.data)
 .data          0x0000000000000040      0xfc0 build/assets/boot.bin.o
                0x0000000000000040                _binary_assets_boot_bin_start
                0x0000000000001000                _binary_assets_boot_bin_end
                0x0000000000001000                boot_DATA_END = .
                0x0000000000000fc0                boot_DATA_SIZE = ABSOLUTE ((boot_DATA_END - boot_DATA_START))
                0x0000000000800000                __romPos = (__romPos + SIZEOF (.boot))
                0x0000000000001000                boot_ROM_END = __romPos
                0x0000000000001000                boot_VRAM_END = .
                0x0000000000001000                main_ROM_START = __romPos
                0x0000000080000400                main_VRAM = ADDR (.main)

.main           0x0000000080000400    0x7bc30 load address 0x0000000000001000
                0x0000000080000400                main_TEXT_START = .
 build/asm/1000.s.o(.text)
 .text          0x0000000080000400      0x1c0 build/asm/1000.s.o
                0x0000000080000400                func_80000400
 build/asm/11C0.s.o(.text)
 .text          0x00000000800005c0      0xe00 build/asm/11C0.s.o
                0x00000000800005c0                func_800005C0
                0x0000000080000610                func_80000610
                0x0000000080000638                func_80000638
                0x00000000800008d0                func_800008D0
                0x0000000080000978                func_80000978
                0x0000000080000a04                L80000A04
                0x0000000080000a14                L80000A14
                0x0000000080000a44                L80000A44
                0x0000000080000a60                L80000A60
                0x0000000080000abc                L80000ABC
                0x0000000080000afc                func_80000AFC
                0x0000000080000b4c                func_80000B4C
                0x0000000080000e24                func_80000E24
                0x00000000800013a0                func_800013A0
 build/asm/1FC0.s.o(.text)
 .text          0x00000000800013c0      0x3a0 build/asm/1FC0.s.o
                0x00000000800013c0                func_800013C0
                0x0000000080001418                func_80001418
                0x000000008000144c                func_8000144C
                0x00000000800015c4                func_800015C4
 build/asm/2360.s.o(.text)
 .text          0x0000000080001760      0xa20 build/asm/2360.s.o
                0x0000000080001760                func_80001760
                0x0000000080001a54                func_80001A54
                0x0000000080001ca0                func_80001CA0
                0x0000000080001e50                func_80001E50
                0x0000000080001e90                func_80001E90
                0x0000000080002028                func_80002028
                0x0000000080002060                func_80002060
 build/asm/2D80.s.o(.text)
 .text          0x0000000080002180     0x2ad0 build/asm/2D80.s.o
                0x0000000080002180                func_80002180
                0x00000000800029d8                L800029D8
                0x00000000800029f4                L800029F4
                0x0000000080002a10                L80002A10
                0x0000000080002a2c                L80002A2C
                0x0000000080002a48                L80002A48
                0x0000000080002a64                L80002A64
                0x0000000080002e3c                func_80002E3C
                0x0000000080002e98                L80002E98
                0x0000000080002eac                L80002EAC
                0x0000000080002ec0                L80002EC0
                0x0000000080002ed4                L80002ED4
                0x0000000080002ee8                L80002EE8
                0x0000000080002efc                L80002EFC
                0x0000000080002f10                L80002F10
                0x0000000080002f24                L80002F24
                0x0000000080002f38                L80002F38
                0x0000000080002f4c                L80002F4C
                0x0000000080002f74                func_80002F74
                0x0000000080003030                func_80003030
                0x00000000800031d8                func_800031D8
                0x0000000080003218                L80003218
                0x0000000080003230                L80003230
                0x0000000080003248                L80003248
                0x0000000080003260                L80003260
                0x0000000080003288                func_80003288
                0x0000000080003344                func_80003344
                0x0000000080003a4c                func_80003A4C
                0x0000000080003fc8                func_80003FC8
                0x00000000800047cc                L800047CC
                0x00000000800047e0                L800047E0
                0x00000000800047f4                L800047F4
                0x0000000080004808                L80004808
                0x000000008000481c                L8000481C
                0x0000000080004830                L80004830
                0x0000000080004844                L80004844
                0x0000000080004858                L80004858
                0x000000008000486c                L8000486C
                0x0000000080004880                L80004880
                0x00000000800048b0                func_800048B0
                0x0000000080004a34                func_80004A34
                0x0000000080004a5c                func_80004A5C
                0x0000000080004bf8                func_80004BF8
 build/asm/5850.s.o(.text)
 .text          0x0000000080004c50     0x1390 build/asm/5850.s.o
                0x0000000080004c50                func_80004C50
                0x0000000080004dbc                func_80004DBC
                0x0000000080004e20                L80004E20
                0x0000000080004e30                L80004E30
                0x0000000080004e50                L80004E50
                0x0000000080004e9c                L80004E9C
                0x0000000080004f00                L80004F00
                0x000000008000500c                L8000500C
                0x0000000080005094                L80005094
                0x00000000800050a8                L800050A8
                0x00000000800050bc                L800050BC
                0x0000000080005120                L80005120
                0x0000000080005140                L80005140
                0x00000000800051b0                L800051B0
                0x000000008000524c                L8000524C
                0x0000000080005268                L80005268
                0x000000008000529c                L8000529C
                0x00000000800052ac                L800052AC
                0x00000000800052fc                func_800052FC
                0x000000008000536c                func_8000536C
                0x00000000800053c0                L800053C0
                0x00000000800053d8                L800053D8
                0x00000000800053f0                L800053F0
                0x0000000080005418                L80005418
                0x0000000080005420                L80005420
                0x0000000080005434                func_80005434
                0x0000000080005494                L80005494
                0x00000000800058cc                L800058CC
                0x0000000080005924                L80005924
                0x000000008000597c                L8000597C
                0x00000000800059e0                L800059E0
                0x0000000080005c70                L80005C70
                0x0000000080005ca4                L80005CA4
                0x0000000080005d54                L80005D54
                0x0000000080005d6c                func_80005D6C
                0x0000000080005efc                func_80005EFC
                0x0000000080005f9c                func_80005F9C
 build/asm/6BE0.s.o(.text)
 .text          0x0000000080005fe0       0xb0 build/asm/6BE0.s.o
                0x0000000080005fe0                func_80005FE0
 build/asm/6C90.s.o(.text)
 .text          0x0000000080006090      0x210 build/asm/6C90.s.o
                0x0000000080006090                func_80006090
                0x0000000080006188                func_80006188
                0x00000000800061c4                func_800061C4
                0x00000000800061e8                L800061E8
                0x00000000800061f0                L800061F0
                0x00000000800061f8                L800061F8
                0x0000000080006200                L80006200
                0x0000000080006208                L80006208
                0x0000000080006214                func_80006214
 build/asm/6EA0.s.o(.text)
 .text          0x00000000800062a0     0x2eb0 build/asm/6EA0.s.o
                0x00000000800062a0                func_800062A0
                0x000000008000631c                func_8000631C
                0x00000000800063d0                func_800063D0
                0x000000008000644c                func_8000644C
                0x0000000080006564                func_80006564
                0x0000000080006704                func_80006704
                0x0000000080006888                func_80006888
                0x0000000080006fe0                func_80006FE0
                0x00000000800070c4                func_800070C4
                0x0000000080007150                func_80007150
                0x0000000080007310                func_80007310
                0x000000008000743c                L8000743C
                0x0000000080007454                L80007454
                0x000000008000746c                L8000746C
                0x000000008000747c                L8000747C
                0x0000000080007538                func_80007538
                0x00000000800077b4                func_800077B4
                0x00000000800077fc                L800077FC
                0x0000000080007808                L80007808
                0x0000000080007814                L80007814
                0x0000000080007820                L80007820
                0x000000008000782c                L8000782C
                0x0000000080007834                L80007834
                0x00000000800078a8                func_800078A8
                0x000000008000791c                func_8000791C
                0x0000000080007974                L80007974
                0x0000000080007980                L80007980
                0x000000008000798c                L8000798C
                0x0000000080007998                L80007998
                0x00000000800079a4                L800079A4
                0x00000000800079ac                L800079AC
                0x0000000080007a70                func_80007A70
                0x0000000080007a90                func_80007A90
                0x0000000080007ab0                func_80007AB0
                0x0000000080007bb0                func_80007BB0
                0x0000000080007d08                func_80007D08
                0x0000000080007fa0                func_80007FA0
                0x0000000080008330                func_80008330
                0x00000000800084ac                func_800084AC
                0x00000000800085f0                func_800085F0
                0x000000008000874c                func_8000874C
                0x000000008000877c                func_8000877C
                0x0000000080008af0                func_80008AF0
                0x0000000080008ce4                func_80008CE4
                0x0000000080008d18                func_80008D18
                0x0000000080008ed0                func_80008ED0
                0x0000000080009070                func_80009070
                0x000000008000908c                func_8000908C
 build/asm/9D50.s.o(.text)
 .text          0x0000000080009150      0x410 build/asm/9D50.s.o
                0x0000000080009150                func_80009150
                0x0000000080009298                func_80009298
                0x00000000800092c4                func_800092C4
                0x00000000800093dc                func_800093DC
                0x00000000800093e8                func_800093E8
                0x0000000080009410                func_80009410
                0x0000000080009438                func_80009438
                0x0000000080009460                func_80009460
                0x0000000080009488                func_80009488
                0x0000000080009494                func_80009494
 build/asm/A160.s.o(.text)
 .text          0x0000000080009560       0xc0 build/asm/A160.s.o
                0x0000000080009560                func_80009560
 build/asm/A220.s.o(.text)
 .text          0x0000000080009620      0x6f0 build/asm/A220.s.o
                0x0000000080009620                func_80009620
                0x000000008000970c                func_8000970C
                0x000000008000983c                func_8000983C
                0x000000008000991c                func_8000991C
                0x0000000080009b94                func_80009B94
 build/asm/A910.s.o(.text)
 .text          0x0000000080009d10     0x3130 build/asm/A910.s.o
                0x0000000080009d10                func_80009D10
                0x0000000080009d70                func_80009D70
                0x0000000080009da4                func_80009DA4
                0x0000000080009dd8                func_80009DD8
                0x0000000080009e5c                func_80009E5C
                0x0000000080009ee0                func_80009EE0
                0x0000000080009f88                func_80009F88
                0x000000008000a0a8                func_8000A0A8
                0x000000008000a164                func_8000A164
                0x000000008000a2c8                func_8000A2C8
                0x000000008000a350                func_8000A350
                0x000000008000a5b0                func_8000A5B0
                0x000000008000a65c                func_8000A65C
                0x000000008000a728                func_8000A728
                0x000000008000a808                func_8000A808
                0x000000008000a8f4                func_8000A8F4
                0x000000008000a9fc                func_8000A9FC
                0x000000008000ac24                func_8000AC24
                0x000000008000adb4                func_8000ADB4
                0x000000008000ae94                func_8000AE94
                0x000000008000b024                func_8000B024
                0x000000008000b104                func_8000B104
                0x000000008000b294                func_8000B294
                0x000000008000b388                func_8000B388
                0x000000008000b480                func_8000B480
                0x000000008000b574                func_8000B574
                0x000000008000b66c                func_8000B66C
                0x000000008000b764                func_8000B764
                0x000000008000b85c                func_8000B85C
                0x000000008000b954                func_8000B954
                0x000000008000ba4c                func_8000BA4C
                0x000000008000bb3c                func_8000BB3C
                0x000000008000bc04                func_8000BC04
                0x000000008000bcb0                func_8000BCB0
                0x000000008000bedc                func_8000BEDC
                0x000000008000c000                func_8000C000
                0x000000008000c020                func_8000C020
                0x000000008000c040                func_8000C040
                0x000000008000c060                func_8000C060
                0x000000008000c080                func_8000C080
                0x000000008000c0a0                func_8000C0A0
                0x000000008000c0c0                func_8000C0C0
                0x000000008000c0e0                func_8000C0E0
                0x000000008000c100                func_8000C100
                0x000000008000c120                func_8000C120
                0x000000008000c1ec                func_8000C1EC
                0x000000008000c3d0                func_8000C3D0
                0x000000008000c4ac                func_8000C4AC
                0x000000008000c4cc                func_8000C4CC
                0x000000008000c4ec                func_8000C4EC
                0x000000008000c5b4                func_8000C5B4
                0x000000008000c6b4                func_8000C6B4
                0x000000008000c938                func_8000C938
                0x000000008000c958                func_8000C958
                0x000000008000c978                func_8000C978
                0x000000008000c99c                func_8000C99C
                0x000000008000c9bc                func_8000C9BC
                0x000000008000c9dc                func_8000C9DC
                0x000000008000cbb4                func_8000CBB4
                0x000000008000cbd4                func_8000CBD4
                0x000000008000cbf4                func_8000CBF4
                0x000000008000cc14                func_8000CC14
                0x000000008000ccd0                func_8000CCD0
                0x000000008000ccf0                func_8000CCF0
                0x000000008000cd5c                func_8000CD5C
                0x000000008000cdb0                func_8000CDB0
                0x000000008000cdd0                func_8000CDD0
                0x000000008000cdf8                func_8000CDF8
                0x000000008000ce04                func_8000CE04
                0x000000008000ce14                func_8000CE14
 build/asm/DA40.s.o(.text)
 .text          0x000000008000ce40      0x830 build/asm/DA40.s.o
                0x000000008000ce40                func_8000CE40
                0x000000008000cfc4                func_8000CFC4
                0x000000008000d148                func_8000D148
                0x000000008000d188                func_8000D188
                0x000000008000d2b8                func_8000D2B8
                0x000000008000d658                func_8000D658
                0x000000008000d660                func_8000D660
 build/asm/E270.s.o(.text)
 .text          0x000000008000d670      0x960 build/asm/E270.s.o
                0x000000008000d670                func_8000D670
                0x000000008000d708                func_8000D708
                0x000000008000d97c                func_8000D97C
                0x000000008000dbc0                func_8000DBC0
                0x000000008000de54                func_8000DE54
                0x000000008000dedc                func_8000DEDC
                0x000000008000dfbc                func_8000DFBC
 build/asm/EBD0.s.o(.text)
 .text          0x000000008000dfd0       0xc0 build/asm/EBD0.s.o
                0x000000008000dfd0                func_8000DFD0
 build/asm/EC90.s.o(.text)
 .text          0x000000008000e090     0x1890 build/asm/EC90.s.o
                0x000000008000e090                func_8000E090
                0x000000008000e204                func_8000E204
                0x000000008000e428                func_8000E428
                0x000000008000f1d8                func_8000F1D8
                0x000000008000f22c                L8000F22C
                0x000000008000f270                L8000F270
                0x000000008000f2b4                L8000F2B4
                0x000000008000f2f8                L8000F2F8
                0x000000008000f33c                L8000F33C
                0x000000008000f380                L8000F380
                0x000000008000f3c4                L8000F3C4
                0x000000008000f408                L8000F408
                0x000000008000f44c                L8000F44C
                0x000000008000f490                L8000F490
                0x000000008000f51c                func_8000F51C
                0x000000008000f5f4                func_8000F5F4
                0x000000008000f904                func_8000F904
                0x000000008000f90c                func_8000F90C
 build/asm/10520.s.o(.text)
 .text          0x000000008000f920      0x120 build/asm/10520.s.o
                0x000000008000f920                func_8000F920
                0x000000008000f990                func_8000F990
 build/asm/10640.s.o(.text)
 .text          0x000000008000fa40      0x2b0 build/asm/10640.s.o
                0x000000008000fa40                func_8000FA40
                0x000000008000fafc                func_8000FAFC
                0x000000008000fb10                func_8000FB10
                0x000000008000fb90                func_8000FB90
                0x000000008000fc10                func_8000FC10
                0x000000008000fcd0                func_8000FCD0
 build/asm/108F0.s.o(.text)
 .text          0x000000008000fcf0      0x470 build/asm/108F0.s.o
                0x000000008000fcf0                func_8000FCF0
                0x000000008000ff38                func_8000FF38
 build/asm/10D60.s.o(.text)
 .text          0x0000000080010160     0x1a00 build/asm/10D60.s.o
                0x0000000080010160                func_80010160
                0x000000008001024c                func_8001024C
                0x0000000080010548                func_80010548
                0x0000000080010628                func_80010628
                0x0000000080010694                func_80010694
                0x000000008001071c                func_8001071C
                0x0000000080010870                func_80010870
                0x0000000080010a68                func_80010A68
                0x0000000080010b14                func_80010B14
                0x0000000080010bbc                func_80010BBC
                0x0000000080010c14                func_80010C14
                0x0000000080010c4c                func_80010C4C
                0x0000000080010c88                func_80010C88
                0x0000000080010d08                func_80010D08
                0x0000000080010d80                func_80010D80
                0x0000000080010d88                func_80010D88
                0x0000000080010dcc                func_80010DCC
                0x0000000080010e40                func_80010E40
                0x0000000080010f78                func_80010F78
                0x0000000080011214                func_80011214
                0x00000000800112b8                func_800112B8
                0x000000008001136c                func_8001136C
                0x00000000800113a0                func_800113A0
                0x00000000800113dc                func_800113DC
                0x0000000080011428                func_80011428
                0x000000008001145c                func_8001145C
                0x0000000080011468                func_80011468
                0x0000000080011484                func_80011484
                0x00000000800114a0                func_800114A0
                0x00000000800114c0                func_800114C0
                0x000000008001159c                func_8001159C
                0x0000000080011624                func_80011624
                0x00000000800116ac                func_800116AC
                0x00000000800117b0                func_800117B0
                0x0000000080011820                func_80011820
                0x00000000800118b4                func_800118B4
 build/asm/12760.s.o(.text)
 .text          0x0000000080011b60     0x1900 build/asm/12760.s.o
                0x0000000080011b60                func_80011B60
                0x0000000080011ccc                func_80011CCC
                0x0000000080011dcc                func_80011DCC
                0x0000000080011ec4                func_80011EC4
                0x00000000800122c4                func_800122C4
                0x000000008001270c                func_8001270C
                0x0000000080012744                func_80012744
                0x0000000080012770                func_80012770
                0x0000000080012848                func_80012848
                0x00000000800128bc                func_800128BC
                0x0000000080012904                func_80012904
                0x0000000080012b78                func_80012B78
                0x0000000080012d5c                func_80012D5C
                0x0000000080012da0                func_80012DA0
                0x0000000080012efc                func_80012EFC
                0x0000000080012fdc                func_80012FDC
                0x0000000080013020                func_80013020
                0x0000000080013428                func_80013428
 build/asm/14060.s.o(.text)
 .text          0x0000000080013460      0x6c0 build/asm/14060.s.o
                0x0000000080013460                func_80013460
                0x00000000800135a0                func_800135A0
                0x000000008001369c                func_8001369C
                0x00000000800136dc                func_800136DC
                0x0000000080013a98                func_80013A98
 build/asm/14720.s.o(.text)
 .text          0x0000000080013b20      0x900 build/asm/14720.s.o
                0x0000000080013b20                func_80013B20
                0x0000000080013c8c                func_80013C8C
                0x0000000080013f40                func_80013F40
                0x0000000080013fa8                func_80013FA8
                0x0000000080014000                func_80014000
                0x000000008001412c                func_8001412C
 build/asm/15020.s.o(.text)
 .text          0x0000000080014420      0xd40 build/asm/15020.s.o
                0x0000000080014420                func_80014420
                0x0000000080014534                func_80014534
                0x0000000080014718                func_80014718
                0x0000000080014964                func_80014964
                0x000000008001496c                func_8001496C
                0x0000000080014c78                func_80014C78
 build/asm/15D60.s.o(.text)
 .text          0x0000000080015160      0xae0 build/asm/15D60.s.o
                0x0000000080015160                func_80015160
                0x00000000800151e0                func_800151E0
                0x0000000080015260                func_80015260
                0x00000000800152fc                func_800152FC
                0x0000000080015594                func_80015594
                0x000000008001568c                func_8001568C
                0x00000000800156e4                func_800156E4
                0x000000008001573c                func_8001573C
                0x000000008001583c                func_8001583C
                0x0000000080015898                func_80015898
                0x0000000080015a2c                func_80015A2C
                0x0000000080015a8c                func_80015A8C
 build/asm/16840.s.o(.text)
 .text          0x0000000080015c40      0x390 build/asm/16840.s.o
                0x0000000080015c40                func_80015C40
                0x0000000080015c8c                func_80015C8C
                0x0000000080015ce8                L80015CE8
                0x0000000080015cf8                L80015CF8
                0x0000000080015d08                L80015D08
                0x0000000080015d18                L80015D18
                0x0000000080015d28                L80015D28
                0x0000000080015d38                L80015D38
                0x0000000080015d48                L80015D48
                0x0000000080015d60                L80015D60
                0x0000000080015d70                func_80015D70
                0x0000000080015e04                func_80015E04
                0x0000000080015ec0                func_80015EC0
                0x0000000080015f2c                func_80015F2C
 build/asm/16BD0.s.o(.text)
 .text          0x0000000080015fd0     0x2d20 build/asm/16BD0.s.o
                0x0000000080015fd0                func_80015FD0
                0x00000000800161cc                L800161CC
                0x00000000800161e0                L800161E0
                0x00000000800161f4                L800161F4
                0x0000000080016228                L80016228
                0x0000000080016238                func_80016238
                0x00000000800162c0                func_800162C0
                0x0000000080016300                L80016300
                0x0000000080016320                L80016320
                0x0000000080016330                L80016330
                0x000000008001638c                L8001638C
                0x00000000800163b8                L800163B8
                0x0000000080016414                L80016414
                0x0000000080016438                L80016438
                0x0000000080016464                func_80016464
                0x0000000080016890                func_80016890
                0x00000000800169e0                func_800169E0
                0x0000000080016b58                func_80016B58
                0x0000000080016b7c                func_80016B7C
                0x0000000080016d44                func_80016D44
                0x0000000080016da8                L80016DA8
                0x0000000080016e40                L80016E40
                0x0000000080016e88                L80016E88
                0x0000000080016ec8                L80016EC8
                0x0000000080016f14                L80016F14
                0x0000000080016f58                L80016F58
                0x0000000080016f94                L80016F94
                0x000000008001701c                L8001701C
                0x000000008001705c                L8001705C
                0x000000008001709c                L8001709C
                0x00000000800170dc                L800170DC
                0x000000008001711c                L8001711C
                0x000000008001728c                func_8001728C
                0x00000000800172d8                L800172D8
                0x0000000080017314                L80017314
                0x00000000800173a8                L800173A8
                0x00000000800173ec                L800173EC
                0x0000000080017454                func_80017454
                0x000000008001745c                func_8001745C
                0x00000000800176b4                func_800176B4
                0x00000000800177a0                func_800177A0
                0x000000008001787c                func_8001787C
                0x00000000800178f0                func_800178F0
                0x0000000080017ca8                func_80017CA8
                0x0000000080017dbc                func_80017DBC
                0x0000000080017ee0                func_80017EE0
                0x0000000080018008                func_80018008
                0x000000008001803c                L8001803C
                0x00000000800180d8                L800180D8
                0x00000000800181d4                L800181D4
                0x0000000080018274                func_80018274
                0x0000000080018380                func_80018380
                0x0000000080018750                L80018750
                0x000000008001875c                L8001875C
                0x00000000800187a8                func_800187A8
                0x0000000080018944                func_80018944
                0x0000000080018968                func_80018968
                0x00000000800189a8                L800189A8
                0x00000000800189e8                L800189E8
                0x0000000080018a58                func_80018A58
                0x0000000080018ba0                func_80018BA0
                0x0000000080018bd0                L80018BD0
                0x0000000080018c0c                L80018C0C
                0x0000000080018c40                func_80018C40
                0x0000000080018c84                func_80018C84
 build/asm/198F0.s.o(.text)
 .text          0x0000000080018cf0      0x1a0 build/asm/198F0.s.o
                0x0000000080018cf0                func_80018CF0
                0x0000000080018d6c                func_80018D6C
 build/asm/19A90.s.o(.text)
 .text          0x0000000080018e90       0x10 build/asm/19A90.s.o
                0x0000000080018e90                func_80018E90
 build/asm/19AA0.s.o(.text)
 .text          0x0000000080018ea0      0x790 build/asm/19AA0.s.o
                0x0000000080018ea0                func_80018EA0
                0x00000000800191fc                func_800191FC
                0x0000000080019508                func_80019508
 build/src/code_1A230.c.o(.text)
 .text          0x0000000080019630     0x2820 build/src/code_1A230.c.o
                0x0000000080019630                func_80019630
                0x00000000800199a0                func_800199A0
                0x0000000080019b90                func_80019B90
                0x0000000080019d0c                func_80019D0C
                0x000000008001a020                func_8001A020
                0x000000008001a750                func_8001A750
                0x000000008001a7fc                func_8001A7FC
                0x000000008001a9d4                func_8001A9D4
                0x000000008001ab94                func_8001AB94
                0x000000008001ac64                func_8001AC64
                0x000000008001adc4                func_8001ADC4
                0x000000008001affc                func_8001AFFC
                0x000000008001b004                func_8001B004
                0x000000008001b35c                func_8001B35C
                0x000000008001b58c                func_8001B58C
                0x000000008001b690                L8001B690
                0x000000008001b7f0                L8001B7F0
                0x000000008001bad4                func_8001BAD4
                0x000000008001bb20                func_8001BB20
 build/asm/1CA50.s.o(.text)
 .text          0x000000008001be50      0x1e0 build/asm/1CA50.s.o
                0x000000008001be50                func_8001BE50
                0x000000008001bfe4                func_8001BFE4
 build/asm/1CC30.s.o(.text)
 .text          0x000000008001c030     0x2190 build/asm/1CC30.s.o
                0x000000008001c030                func_8001C030
                0x000000008001c268                func_8001C268
                0x000000008001c29c                func_8001C29C
                0x000000008001c758                func_8001C758
                0x000000008001c910                func_8001C910
                0x000000008001c970                L8001C970
                0x000000008001ca20                L8001CA20
                0x000000008001ca7c                L8001CA7C
                0x000000008001cb5c                L8001CB5C
                0x000000008001cc00                L8001CC00
                0x000000008001cc5c                L8001CC5C
                0x000000008001ccb8                L8001CCB8
                0x000000008001cd18                L8001CD18
                0x000000008001cd68                L8001CD68
                0x000000008001cdb8                L8001CDB8
                0x000000008001ce30                func_8001CE30
                0x000000008001ce58                L8001CE58
                0x000000008001ce7c                L8001CE7C
                0x000000008001cea0                L8001CEA0
                0x000000008001cec4                L8001CEC4
                0x000000008001cee8                L8001CEE8
                0x000000008001cf0c                L8001CF0C
                0x000000008001cf48                func_8001CF48
                0x000000008001d218                func_8001D218
                0x000000008001d418                func_8001D418
                0x000000008001d598                func_8001D598
                0x000000008001d660                func_8001D660
                0x000000008001d7f0                func_8001D7F0
                0x000000008001d8d0                func_8001D8D0
                0x000000008001dd30                func_8001DD30
                0x000000008001dd80                func_8001DD80
                0x000000008001df40                func_8001DF40
                0x000000008001df74                func_8001DF74
                0x000000008001e004                func_8001E004
                0x000000008001e06c                func_8001E06C
 build/asm/1EDC0.s.o(.text)
 .text          0x000000008001e1c0      0x320 build/asm/1EDC0.s.o
                0x000000008001e1c0                func_8001E1C0
                0x000000008001e218                func_8001E218
                0x000000008001e340                func_8001E340
                0x000000008001e370                L8001E370
                0x000000008001e380                L8001E380
                0x000000008001e414                L8001E414
                0x000000008001e43c                L8001E43C
                0x000000008001e45c                L8001E45C
                0x000000008001e46c                func_8001E46C
                0x000000008001e4a4                func_8001E4A4
 build/asm/1F0E0.s.o(.text)
 .text          0x000000008001e4e0      0xc70 build/asm/1F0E0.s.o
                0x000000008001e4e0                func_8001E4E0
                0x000000008001e540                func_8001E540
                0x000000008001e6fc                func_8001E6FC
                0x000000008001e870                func_8001E870
                0x000000008001e8a4                func_8001E8A4
                0x000000008001e8d8                func_8001E8D8
                0x000000008001e950                L8001E950
                0x000000008001e974                L8001E974
                0x000000008001e984                L8001E984
                0x000000008001e9a8                L8001E9A8
                0x000000008001e9cc                L8001E9CC
                0x000000008001e9dc                L8001E9DC
                0x000000008001ea00                L8001EA00
                0x000000008001ea60                L8001EA60
                0x000000008001ea94                L8001EA94
                0x000000008001eae4                L8001EAE4
                0x000000008001eb1c                func_8001EB1C
                0x000000008001ec78                func_8001EC78
                0x000000008001edbc                func_8001EDBC
                0x000000008001f01c                func_8001F01C
                0x000000008001f040                func_8001F040
                0x000000008001f0b4                func_8001F0B4
                0x000000008001f0d8                func_8001F0D8
                0x000000008001f10c                func_8001F10C
                0x000000008001f140                func_8001F140
 build/asm/1FD50.s.o(.text)
 .text          0x000000008001f150      0x550 build/asm/1FD50.s.o
                0x000000008001f150                func_8001F150
                0x000000008001f174                func_8001F174
                0x000000008001f2bc                func_8001F2BC
                0x000000008001f2e8                func_8001F2E8
                0x000000008001f310                L8001F310
                0x000000008001f37c                L8001F37C
                0x000000008001f3e8                L8001F3E8
                0x000000008001f454                L8001F454
                0x000000008001f4c0                L8001F4C0
                0x000000008001f52c                L8001F52C
                0x000000008001f59c                func_8001F59C
                0x000000008001f694                func_8001F694
 build/asm/202A0.s.o(.text)
 .text          0x000000008001f6a0      0xaf0 build/asm/202A0.s.o
                0x000000008001f6a0                func_8001F6A0
                0x000000008001f6b4                func_8001F6B4
                0x000000008001f6c8                func_8001F6C8
                0x000000008001f6f4                func_8001F6F4
                0x000000008001f700                func_8001F700
                0x000000008001f75c                func_8001F75C
                0x000000008001f790                func_8001F790
                0x000000008001f998                func_8001F998
                0x000000008001fb48                L8001FB48
                0x000000008001fcac                L8001FCAC
 build/asm/20D90.s.o(.text)
 .text          0x0000000080020190     0x18f0 build/asm/20D90.s.o
                0x0000000080020190                func_80020190
                0x0000000080020260                func_80020260
                0x0000000080020418                func_80020418
                0x00000000800204e0                func_800204E0
                0x0000000080020504                func_80020504
                0x00000000800205ac                func_800205AC
                0x0000000080020624                func_80020624
                0x0000000080020684                func_80020684
                0x00000000800206b0                func_800206B0
                0x0000000080020748                func_80020748
                0x00000000800207f4                func_800207F4
                0x00000000800209b0                func_800209B0
                0x0000000080020b68                func_80020B68
                0x0000000080020d1c                func_80020D1C
                0x0000000080020d8c                L80020D8C
                0x0000000080020da8                L80020DA8
                0x0000000080020dc4                L80020DC4
                0x0000000080020de0                L80020DE0
                0x0000000080020dfc                L80020DFC
                0x0000000080020e18                L80020E18
                0x0000000080020ea8                func_80020EA8
                0x0000000080020efc                func_80020EFC
                0x0000000080021078                func_80021078
                0x0000000080021674                func_80021674
                0x00000000800216e0                func_800216E0
                0x00000000800217f4                func_800217F4
                0x0000000080021884                L80021884
                0x000000008002188c                L8002188C
                0x0000000080021894                L80021894
                0x000000008002189c                L8002189C
                0x00000000800218a4                L800218A4
                0x00000000800218b4                L800218B4
                0x00000000800218c4                L800218C4
                0x00000000800218d0                L800218D0
                0x00000000800218d8                L800218D8
                0x0000000080021a70                func_80021A70
 build/asm/22680.s.o(.text)
 .text          0x0000000080021a80      0x840 build/asm/22680.s.o
                0x0000000080021a80                func_80021A80
                0x0000000080021b38                func_80021B38
 build/asm/22EC0.s.o(.text)
 .text          0x00000000800222c0     0x1670 build/asm/22EC0.s.o
                0x00000000800222c0                func_800222C0
                0x0000000080022408                func_80022408
                0x00000000800226ac                func_800226AC
                0x0000000080022788                func_80022788
                0x00000000800227e4                func_800227E4
                0x0000000080022b40                func_80022B40
                0x0000000080022c30                func_80022C30
                0x0000000080022fd0                func_80022FD0
                0x00000000800230c8                func_800230C8
                0x00000000800231c4                L800231C4
                0x0000000080023350                L80023350
 build/asm/24530.s.o(.text)
 .text          0x0000000080023930      0x360 build/asm/24530.s.o
                0x0000000080023930                func_80023930
 build/asm/24890.s.o(.text)
 .text          0x0000000080023c90      0x2e0 build/asm/24890.s.o
                0x0000000080023c90                func_80023C90
                0x0000000080023e7c                func_80023E7C
 build/asm/24B70.s.o(.text)
 .text          0x0000000080023f70      0x150 build/asm/24B70.s.o
                0x0000000080023f70                func_80023F70
                0x0000000080024094                func_80024094
 build/asm/24CC0.s.o(.text)
 .text          0x00000000800240c0       0x40 build/asm/24CC0.s.o
                0x00000000800240c0                func_800240C0
                0x00000000800240f0                func_800240F0
 build/asm/24D00.s.o(.text)
 .text          0x0000000080024100       0xf0 build/asm/24D00.s.o
                0x0000000080024100                func_80024100
 build/asm/24DF0.s.o(.text)
 .text          0x00000000800241f0       0x50 build/asm/24DF0.s.o
                0x00000000800241f0                func_800241F0
 build/asm/24E40.s.o(.text)
 .text          0x0000000080024240       0xa0 build/asm/24E40.s.o
                0x0000000080024240                func_80024240
 build/asm/24EE0.s.o(.text)
 .text          0x00000000800242e0      0x560 build/asm/24EE0.s.o
                0x00000000800242e0                func_800242E0
                0x000000008002431c                func_8002431C
                0x0000000080024370                func_80024370
 build/asm/25440.s.o(.text)
 .text          0x0000000080024840      0x190 build/asm/25440.s.o
                0x0000000080024840                func_80024840
                0x0000000080024988                func_80024988
 build/asm/255D0.s.o(.text)
 .text          0x00000000800249d0      0x190 build/asm/255D0.s.o
                0x00000000800249d0                func_800249D0
                0x0000000080024b18                func_80024B18
 build/asm/25760.s.o(.text)
 .text          0x0000000080024b60      0x300 build/asm/25760.s.o
                0x0000000080024b60                func_80024B60
                0x0000000080024c9c                func_80024C9C
                0x0000000080024ce0                func_80024CE0
                0x0000000080024e14                func_80024E14
 build/asm/25A60.s.o(.text)
 .text          0x0000000080024e60      0x180 build/asm/25A60.s.o
                0x0000000080024e60                func_80024E60
                0x0000000080024f94                func_80024F94
 build/asm/25BE0.s.o(.text)
 .text          0x0000000080024fe0      0x190 build/asm/25BE0.s.o
                0x0000000080024fe0                func_80024FE0
                0x0000000080025120                func_80025120
 build/asm/25D70.s.o(.text)
 .text          0x0000000080025170      0x1b0 build/asm/25D70.s.o
                0x0000000080025170                func_80025170
                0x00000000800252d0                func_800252D0
 build/asm/25F20.s.o(.text)
 .text          0x0000000080025320       0xa0 build/asm/25F20.s.o
                0x0000000080025320                func_80025320
 build/asm/25FC0.s.o(.text)
 .text          0x00000000800253c0      0x480 build/asm/25FC0.s.o
                0x00000000800253c0                func_800253C0
                0x0000000080025458                func_80025458
                0x00000000800254f0                func_800254F0
                0x0000000080025578                func_80025578
                0x0000000080025610                func_80025610
                0x00000000800256c0                func_800256C0
                0x0000000080025778                func_80025778
 build/asm/26440.s.o(.text)
 .text          0x0000000080025840       0xe0 build/asm/26440.s.o
                0x0000000080025840                func_80025840
 build/asm/26520.s.o(.text)
 .text          0x0000000080025920       0xa0 build/asm/26520.s.o
                0x0000000080025920                func_80025920
                0x000000008002594c                func_8002594C
 build/asm/265C0.s.o(.text)
 .text          0x00000000800259c0       0x50 build/asm/265C0.s.o
                0x00000000800259c0                func_800259C0
 build/asm/26610.s.o(.text)
 .text          0x0000000080025a10     0x1e60 build/asm/26610.s.o
                0x0000000080025a10                func_80025A10
                0x0000000080026000                func_80026000
                0x0000000080026120                func_80026120
                0x0000000080026384                func_80026384
                0x000000008002648c                func_8002648C
                0x00000000800264d4                func_800264D4
                0x0000000080026524                func_80026524
                0x0000000080026578                func_80026578
                0x0000000080026598                L80026598
                0x00000000800265a0                func_800265A0
                0x00000000800265d0                func_800265D0
                0x0000000080026b34                func_80026B34
                0x0000000080026de8                func_80026DE8
                0x0000000080027104                func_80027104
                0x0000000080027424                func_80027424
                0x00000000800275ec                func_800275EC
                0x0000000080027614                L80027614
                0x0000000080027660                L80027660
                0x00000000800276ac                L800276AC
                0x00000000800276f8                L800276F8
                0x0000000080027744                L80027744
                0x0000000080027790                L80027790
                0x00000000800277e0                func_800277E0
 build/asm/28470.s.o(.text)
 .text          0x0000000080027870     0x5c40 build/asm/28470.s.o
                0x0000000080027870                func_80027870
                0x0000000080028298                func_80028298
                0x00000000800283d4                func_800283D4
                0x00000000800285b0                func_800285B0
                0x0000000080028710                func_80028710
                0x0000000080028950                func_80028950
                0x00000000800289d4                func_800289D4
                0x0000000080028b04                func_80028B04
                0x0000000080028c9c                func_80028C9C
                0x0000000080028db8                func_80028DB8
                0x0000000080029250                func_80029250
                0x0000000080029474                func_80029474
                0x0000000080029514                func_80029514
                0x00000000800297dc                func_800297DC
                0x0000000080029a94                func_80029A94
                0x0000000080029b6c                func_80029B6C
                0x0000000080029e98                func_80029E98
                0x0000000080029f70                func_80029F70
                0x000000008002a0d0                func_8002A0D0
                0x000000008002a8f0                func_8002A8F0
                0x000000008002ad2c                func_8002AD2C
                0x000000008002b128                func_8002B128
                0x000000008002b2d8                func_8002B2D8
                0x000000008002b6d0                func_8002B6D0
                0x000000008002b8f0                func_8002B8F0
                0x000000008002bc28                func_8002BC28
                0x000000008002be5c                func_8002BE5C
                0x000000008002c080                func_8002C080
                0x000000008002c1e8                func_8002C1E8
                0x000000008002c300                func_8002C300
                0x000000008002c480                func_8002C480
                0x000000008002cb40                func_8002CB40
                0x000000008002cbd4                func_8002CBD4
                0x000000008002cd88                func_8002CD88
                0x000000008002d0c4                func_8002D0C4
                0x000000008002d2a8                func_8002D2A8
                0x000000008002d350                func_8002D350
 build/asm/2E0B0.s.o(.text)
 .text          0x000000008002d4b0     0x1130 build/asm/2E0B0.s.o
                0x000000008002d4b0                func_8002D4B0
                0x000000008002d8cc                func_8002D8CC
                0x000000008002da2c                func_8002DA2C
                0x000000008002df78                func_8002DF78
                0x000000008002e510                func_8002E510
 build/asm/2F1E0.s.o(.text)
 .text          0x000000008002e5e0     0x45d0 build/asm/2F1E0.s.o
                0x000000008002e5e0                func_8002E5E0
                0x000000008002e6a8                func_8002E6A8
                0x000000008002eb44                func_8002EB44
                0x000000008002edf8                func_8002EDF8
                0x000000008002f290                func_8002F290
                0x000000008002f3ec                func_8002F3EC
                0x000000008002f7d8                func_8002F7D8
                0x000000008002f994                func_8002F994
                0x00000000800302e8                func_800302E8
                0x0000000080030408                L80030408
                0x000000008003046c                L8003046C
                0x00000000800304d0                L800304D0
                0x0000000080030534                L80030534
                0x0000000080030598                L80030598
                0x00000000800305fc                L800305FC
                0x00000000800306e0                func_800306E0
                0x00000000800308d4                L800308D4
                0x0000000080030920                L80030920
                0x000000008003096c                L8003096C
                0x00000000800309b8                L800309B8
                0x0000000080030a04                L80030A04
                0x0000000080030a50                L80030A50
                0x0000000080030aec                L80030AEC
                0x0000000080030b38                L80030B38
                0x0000000080030b84                L80030B84
                0x0000000080030bd0                L80030BD0
                0x0000000080030c1c                L80030C1C
                0x0000000080030c68                L80030C68
                0x0000000080030d44                func_80030D44
                0x0000000080030d80                L80030D80
                0x0000000080030dcc                L80030DCC
                0x0000000080030e18                L80030E18
                0x0000000080030e64                L80030E64
                0x0000000080030eb0                L80030EB0
                0x0000000080030efc                L80030EFC
                0x0000000080030f70                func_80030F70
                0x0000000080030fb4                L80030FB4
                0x0000000080031000                L80031000
                0x000000008003104c                L8003104C
                0x0000000080031098                L80031098
                0x00000000800310e4                L800310E4
                0x0000000080031130                L80031130
                0x00000000800311b4                L800311B4
                0x0000000080031200                L80031200
                0x000000008003124c                L8003124C
                0x0000000080031298                L80031298
                0x00000000800312e4                L800312E4
                0x0000000080031330                L80031330
                0x00000000800313a0                func_800313A0
                0x000000008003150c                func_8003150C
                0x0000000080031ae8                func_80031AE8
                0x0000000080031b40                func_80031B40
                0x0000000080031e34                func_80031E34
                0x0000000080032418                func_80032418
                0x0000000080032754                func_80032754
                0x0000000080032a90                func_80032A90
                0x0000000080032aec                func_80032AEC
                0x0000000080032b48                func_80032B48
 build/asm/337B0.s.o(.text)
 .text          0x0000000080032bb0     0x4390 build/asm/337B0.s.o
                0x0000000080032bb0                func_80032BB0
                0x00000000800335ac                func_800335AC
                0x0000000080033950                func_80033950
                0x0000000080033bf4                func_80033BF4
                0x0000000080033d88                L80033D88
                0x0000000080033de8                L80033DE8
                0x0000000080033e44                L80033E44
                0x0000000080033e9c                func_80033E9C
                0x0000000080034100                func_80034100
                0x00000000800343b0                func_800343B0
                0x000000008003476c                func_8003476C
                0x0000000080034d08                func_80034D08
                0x0000000080034d44                L80034D44
                0x0000000080034e60                L80034E60
                0x0000000080034f7c                L80034F7C
                0x0000000080035060                L80035060
                0x0000000080035144                L80035144
                0x0000000080035220                L80035220
                0x0000000080035254                func_80035254
                0x000000008003561c                func_8003561C
                0x0000000080035844                func_80035844
                0x0000000080035a98                func_80035A98
                0x0000000080035ba4                func_80035BA4
                0x0000000080035fa0                func_80035FA0
                0x0000000080036a80                func_80036A80
                0x0000000080036af0                func_80036AF0
                0x0000000080036c54                func_80036C54
                0x0000000080036d00                func_80036D00
 build/asm/37B40.s.o(.text)
 .text          0x0000000080036f40     0x3250 build/asm/37B40.s.o
                0x0000000080036f40                func_80036F40
                0x0000000080037280                func_80037280
                0x00000000800375e8                func_800375E8
                0x0000000080037870                func_80037870
                0x0000000080037d30                func_80037D30
                0x0000000080037da0                func_80037DA0
                0x0000000080037fc8                func_80037FC8
                0x0000000080038bf4                func_80038BF4
                0x0000000080038fd0                func_80038FD0
                0x00000000800390b0                func_800390B0
                0x00000000800394c8                func_800394C8
                0x0000000080039670                func_80039670
                0x0000000080039868                func_80039868
                0x0000000080039d9c                func_80039D9C
 build/asm/3AD90.s.o(.text)
 .text          0x000000008003a190     0x1ab0 build/asm/3AD90.s.o
                0x000000008003a190                func_8003A190
                0x000000008003a280                func_8003A280
                0x000000008003a7c4                func_8003A7C4
                0x000000008003ada8                func_8003ADA8
                0x000000008003b1f0                func_8003B1F0
                0x000000008003b398                func_8003B398
                0x000000008003b5c4                func_8003B5C4
                0x000000008003b9a8                func_8003B9A8
 build/asm/3C840.s.o(.text)
 .text          0x000000008003bc40     0x30c0 build/asm/3C840.s.o
                0x000000008003bc40                func_8003BC40
                0x000000008003c040                func_8003C040
                0x000000008003c27c                L8003C27C
                0x000000008003c28c                L8003C28C
                0x000000008003c29c                L8003C29C
                0x000000008003c2ac                L8003C2AC
                0x000000008003c2bc                L8003C2BC
                0x000000008003c2cc                L8003C2CC
                0x000000008003c498                func_8003C498
                0x000000008003c794                func_8003C794
                0x000000008003c9f8                func_8003C9F8
                0x000000008003cac8                func_8003CAC8
                0x000000008003cc60                func_8003CC60
                0x000000008003cd08                func_8003CD08
                0x000000008003cdc4                func_8003CDC4
                0x000000008003cec0                func_8003CEC0
                0x000000008003d300                func_8003D300
                0x000000008003d5f4                func_8003D5F4
                0x000000008003dc0c                func_8003DC0C
                0x000000008003ddc0                func_8003DDC0
                0x000000008003de4c                func_8003DE4C
                0x000000008003e02c                func_8003E02C
                0x000000008003e0fc                func_8003E0FC
                0x000000008003e3c4                func_8003E3C4
                0x000000008003e8a0                func_8003E8A0
                0x000000008003e9b8                func_8003E9B8
                0x000000008003ec6c                func_8003EC6C
 build/asm/3F900.s.o(.text)
 .text          0x000000008003ed00     0x3790 build/asm/3F900.s.o
                0x000000008003ed00                func_8003ED00
                0x000000008003ed7c                L8003ED7C
                0x000000008003ed90                L8003ED90
                0x000000008003eda4                L8003EDA4
                0x000000008003edb8                L8003EDB8
                0x000000008003edfc                func_8003EDFC
                0x000000008003eeb8                L8003EEB8
                0x000000008003eef8                L8003EEF8
                0x000000008003ef10                L8003EF10
                0x000000008003ef28                L8003EF28
                0x000000008003ef88                func_8003EF88
                0x000000008003f4a8                func_8003F4A8
                0x000000008003f98c                func_8003F98C
                0x000000008003fc40                func_8003FC40
                0x0000000080040010                func_80040010
                0x0000000080040084                L80040084
                0x00000000800400a0                L800400A0
                0x00000000800400bc                L800400BC
                0x00000000800400d8                L800400D8
                0x00000000800400f4                L800400F4
                0x0000000080040138                func_80040138
                0x0000000080040698                func_80040698
                0x0000000080040860                func_80040860
                0x000000008004089c                L8004089C
                0x00000000800408e8                L800408E8
                0x0000000080040934                L80040934
                0x0000000080040980                L80040980
                0x00000000800409cc                L800409CC
                0x0000000080040a18                L80040A18
                0x0000000080040a64                L80040A64
                0x0000000080040ab0                L80040AB0
                0x0000000080040afc                L80040AFC
                0x0000000080040b48                L80040B48
                0x0000000080040bbc                func_80040BBC
                0x0000000080040dec                func_80040DEC
                0x0000000080041278                func_80041278
                0x000000008004149c                func_8004149C
                0x0000000080041618                func_80041618
                0x000000008004184c                func_8004184C
                0x0000000080041964                func_80041964
                0x00000000800419d0                func_800419D0
                0x0000000080041af4                func_80041AF4
                0x0000000080041d2c                func_80041D2C
 build/asm/43090.s.o(.text)
 .text          0x0000000080042490     0x4050 build/asm/43090.s.o
                0x0000000080042490                func_80042490
                0x0000000080042994                func_80042994
                0x0000000080042e88                func_80042E88
                0x000000008004378c                func_8004378C
                0x0000000080043ac8                func_80043AC8
                0x0000000080043e6c                func_80043E6C
                0x0000000080043f68                L80043F68
                0x0000000080043f84                L80043F84
                0x0000000080043fa0                L80043FA0
                0x0000000080043fbc                L80043FBC
                0x0000000080043fd8                L80043FD8
                0x00000000800440fc                L800440FC
                0x0000000080044118                L80044118
                0x0000000080044134                L80044134
                0x0000000080044150                L80044150
                0x000000008004416c                L8004416C
                0x00000000800441c4                func_800441C4
                0x0000000080044724                func_80044724
                0x0000000080044c84                func_80044C84
                0x0000000080044e4c                func_80044E4C
                0x0000000080045014                func_80045014
                0x0000000080045114                func_80045114
                0x0000000080045884                func_80045884
                0x0000000080045a00                func_80045A00
                0x0000000080045bd4                func_80045BD4
                0x0000000080045d54                func_80045D54
                0x0000000080045e7c                func_80045E7C
 build/asm/470E0.s.o(.text)
 .text          0x00000000800464e0     0x43b0 build/asm/470E0.s.o
                0x00000000800464e0                func_800464E0
                0x0000000080047148                func_80047148
                0x0000000080047518                func_80047518
                0x0000000080047a78                func_80047A78
                0x0000000080047c54                func_80047C54
                0x0000000080047f70                func_80047F70
                0x0000000080048014                func_80048014
                0x00000000800484dc                func_800484DC
                0x00000000800486b0                func_800486B0
                0x000000008004882c                func_8004882C
                0x0000000080048d84                func_80048D84
                0x0000000080048efc                func_80048EFC
                0x0000000080048f78                func_80048F78
                0x00000000800492d4                L800492D4
                0x00000000800493f8                L800493F8
                0x000000008004951c                L8004951C
                0x0000000080049634                L80049634
                0x0000000080049758                L80049758
                0x0000000080049870                L80049870
                0x000000008004998c                func_8004998C
                0x0000000080049ba0                func_80049BA0
                0x0000000080049e34                func_80049E34
                0x000000008004a0e8                func_8004A0E8
                0x000000008004a364                func_8004A364
                0x000000008004a3b4                func_8004A3B4
                0x000000008004a584                func_8004A584
 build/asm/4B490.s.o(.text)
 .text          0x000000008004a890     0x45c0 build/asm/4B490.s.o
                0x000000008004a890                func_8004A890
                0x000000008004ab6c                func_8004AB6C
                0x000000008004acf0                func_8004ACF0
                0x000000008004ae74                func_8004AE74
                0x000000008004b0d4                func_8004B0D4
                0x000000008004b5e8                func_8004B5E8
                0x000000008004b744                func_8004B744
                0x000000008004c20c                func_8004C20C
                0x000000008004c2e4                L8004C2E4
                0x000000008004c540                L8004C540
                0x000000008004c680                L8004C680
                0x000000008004c7bc                L8004C7BC
                0x000000008004ca14                L8004CA14
                0x000000008004cc10                L8004CC10
                0x000000008004ce98                func_8004CE98
                0x000000008004d284                func_8004D284
                0x000000008004d4b4                func_8004D4B4
                0x000000008004d6d4                func_8004D6D4
                0x000000008004d8c8                func_8004D8C8
                0x000000008004dc3c                func_8004DC3C
                0x000000008004ddf0                L8004DDF0
                0x000000008004df00                L8004DF00
                0x000000008004dfbc                L8004DFBC
                0x000000008004e078                L8004E078
                0x000000008004e184                L8004E184
                0x000000008004e278                L8004E278
                0x000000008004e7c4                func_8004E7C4
                0x000000008004ecec                func_8004ECEC
 build/asm/4FA50.s.o(.text)
 .text          0x000000008004ee50     0x4010 build/asm/4FA50.s.o
                0x000000008004ee50                func_8004EE50
                0x000000008004eec0                func_8004EEC0
                0x000000008004f708                func_8004F708
                0x000000008004f9ac                func_8004F9AC
                0x000000008004fafc                func_8004FAFC
                0x000000008004ff24                func_8004FF24
                0x00000000800500b0                func_800500B0
                0x000000008005016c                func_8005016C
                0x0000000080050410                func_80050410
                0x000000008005065c                func_8005065C
                0x0000000080050e8c                func_80050E8C
                0x0000000080050ee4                func_80050EE4
                0x0000000080051220                func_80051220
                0x0000000080051304                func_80051304
                0x0000000080051438                func_80051438
                0x0000000080051720                func_80051720
                0x0000000080051788                func_80051788
                0x0000000080051ccc                func_80051CCC
                0x0000000080051f2c                func_80051F2C
                0x0000000080052294                func_80052294
                0x00000000800525a4                func_800525A4
                0x0000000080052a58                func_80052A58
                0x0000000080052cbc                L80052CBC
                0x0000000080052d00                L80052D00
                0x0000000080052d44                L80052D44
                0x0000000080052d88                L80052D88
                0x0000000080052dcc                L80052DCC
                0x0000000080052e10                L80052E10
 build/asm/53A60.s.o(.text)
 .text          0x0000000080052e60     0x43a0 build/asm/53A60.s.o
                0x0000000080052e60                func_80052E60
                0x0000000080052f84                func_80052F84
                0x0000000080053238                func_80053238
                0x0000000080053318                func_80053318
                0x0000000080053394                func_80053394
                0x0000000080053788                func_80053788
                0x0000000080053b7c                func_80053B7C
                0x0000000080053e7c                func_80053E7C
                0x0000000080054290                func_80054290
                0x00000000800546a4                func_800546A4
                0x0000000080054ab8                func_80054AB8
                0x0000000080054dc8                func_80054DC8
                0x00000000800550d8                func_800550D8
                0x0000000080055338                func_80055338
                0x00000000800555b4                func_800555B4
                0x0000000080055674                func_80055674
                0x0000000080055734                func_80055734
                0x00000000800557f4                func_800557F4
                0x00000000800558fc                func_800558FC
                0x0000000080055a04                func_80055A04
                0x0000000080055b14                func_80055B14
                0x0000000080055b80                func_80055B80
                0x0000000080055de8                func_80055DE8
                0x0000000080055e40                L80055E40
                0x0000000080055e50                L80055E50
                0x0000000080055e60                L80055E60
                0x0000000080055e74                L80055E74
                0x0000000080055e84                L80055E84
                0x0000000080055e94                L80055E94
                0x0000000080055ea4                L80055EA4
                0x0000000080055eb4                L80055EB4
                0x00000000800564b0                func_800564B0
                0x000000008005651c                L8005651C
                0x0000000080056534                L80056534
                0x000000008005654c                L8005654C
                0x0000000080056564                L80056564
                0x0000000080056570                L80056570
                0x000000008005657c                L8005657C
                0x0000000080056588                L80056588
                0x000000008005659c                L8005659C
                0x00000000800569bc                func_800569BC
 build/asm/57E00.s.o(.text)
 .text          0x0000000080057200      0x730 build/asm/57E00.s.o
                0x0000000080057200                func_80057200
                0x0000000080057308                func_80057308
                0x0000000080057330                L80057330
                0x00000000800573d4                L800573D4
                0x0000000080057478                L80057478
                0x0000000080057518                L80057518
                0x00000000800575bc                L800575BC
                0x00000000800577a8                L800577A8
                0x0000000080057844                func_80057844
 build/asm/58530.s.o(.text)
 .text          0x0000000080057930      0x1e0 build/asm/58530.s.o
                0x0000000080057930                func_80057930
                0x0000000080057aa0                func_80057AA0
 build/asm/58710.s.o(.text)
 .text          0x0000000080057b10     0x49b0 build/asm/58710.s.o
                0x0000000080057b10                func_80057B10
                0x0000000080057d94                func_80057D94
                0x0000000080057f78                func_80057F78
                0x0000000080057ff8                func_80057FF8
                0x0000000080058114                func_80058114
                0x0000000080058cdc                func_80058CDC
                0x0000000080059250                func_80059250
                0x0000000080059878                func_80059878
                0x0000000080059ca0                func_80059CA0
                0x0000000080059db0                func_80059DB0
                0x0000000080059ed8                func_80059ED8
                0x000000008005a034                func_8005A034
                0x000000008005a2d4                func_8005A2D4
                0x000000008005a330                L8005A330
                0x000000008005a348                L8005A348
                0x000000008005a3f4                L8005A3F4
                0x000000008005a448                L8005A448
                0x000000008005a4d4                L8005A4D4
                0x000000008005a530                L8005A530
                0x000000008005a57c                L8005A57C
                0x000000008005a5c8                L8005A5C8
                0x000000008005a614                L8005A614
                0x000000008005a660                L8005A660
                0x000000008005a6fc                func_8005A6FC
                0x000000008005a878                func_8005A878
                0x000000008005a92c                func_8005A92C
                0x000000008005a964                func_8005A964
                0x000000008005a980                func_8005A980
                0x000000008005abe4                func_8005ABE4
                0x000000008005ac78                L8005AC78
                0x000000008005aca0                L8005ACA0
                0x000000008005ad18                L8005AD18
                0x000000008005bda0                func_8005BDA0
                0x000000008005c1a0                func_8005C1A0
                0x000000008005c354                func_8005C354
                0x000000008005c410                func_8005C410
 build/asm/5D0C0.s.o(.text)
 .text          0x000000008005c4c0      0x290 build/asm/5D0C0.s.o
                0x000000008005c4c0                func_8005C4C0
 build/asm/5D350.s.o(.text)
 .text          0x000000008005c750     0x2360 build/asm/5D350.s.o
                0x000000008005c750                func_8005C750
                0x000000008005c878                func_8005C878
                0x000000008005c95c                func_8005C95C
                0x000000008005c9e4                func_8005C9E4
                0x000000008005cb50                func_8005CB50
                0x000000008005cc48                func_8005CC48
                0x000000008005cd40                func_8005CD40
                0x000000008005ced4                func_8005CED4
                0x000000008005d04c                func_8005D04C
                0x000000008005d14c                func_8005D14C
                0x000000008005d1b0                func_8005D1B0
                0x000000008005d1d0                func_8005D1D0
                0x000000008005d260                func_8005D260
                0x000000008005d29c                L8005D29C
                0x000000008005d2ac                L8005D2AC
                0x000000008005d2bc                L8005D2BC
                0x000000008005d2cc                L8005D2CC
                0x000000008005d2dc                L8005D2DC
                0x000000008005d2f4                func_8005D2F4
                0x000000008005d480                func_8005D480
                0x000000008005d51c                func_8005D51C
                0x000000008005d64c                func_8005D64C
                0x000000008005d720                func_8005D720
                0x000000008005d7f4                func_8005D7F4
                0x000000008005d960                func_8005D960
                0x000000008005de48                func_8005DE48
                0x000000008005e1dc                func_8005E1DC
                0x000000008005e2a8                func_8005E2A8
                0x000000008005e380                func_8005E380
                0x000000008005e820                func_8005E820
 build/asm/5F6B0.s.o(.text)
 .text          0x000000008005eab0     0x1ec0 build/asm/5F6B0.s.o
                0x000000008005eab0                func_8005EAB0
                0x000000008005eaf0                func_8005EAF0
                0x000000008005f014                func_8005F014
                0x000000008005f790                func_8005F790
                0x000000008005f7fc                func_8005F7FC
                0x000000008005f950                func_8005F950
                0x000000008005fa18                func_8005FA18
                0x000000008005fae0                func_8005FAE0
                0x000000008005fba4                L8005FBA4
                0x000000008005ff54                L8005FF54
                0x0000000080060304                L80060304
                0x00000000800605fc                func_800605FC
                0x0000000080060790                func_80060790
 build/asm/61570.s.o(.text)
 .text          0x0000000080060970     0x1390 build/asm/61570.s.o
                0x0000000080060970                func_80060970
                0x00000000800609b4                func_800609B4
                0x0000000080060a3c                func_80060A3C
                0x0000000080060b64                func_80060B64
                0x0000000080060bc4                L80060BC4
                0x0000000080060bd4                L80060BD4
                0x0000000080060be0                L80060BE0
                0x0000000080060bec                L80060BEC
                0x0000000080060bf8                L80060BF8
                0x0000000080060c04                L80060C04
                0x0000000080060c20                func_80060C20
                0x0000000080060f20                func_80060F20
                0x0000000080060fac                func_80060FAC
                0x0000000080061038                L80061038
                0x00000000800610f8                L800610F8
                0x00000000800613c8                L800613C8
                0x00000000800613f4                L800613F4
                0x000000008006143c                L8006143C
                0x0000000080061468                L80061468
                0x00000000800614a0                L800614A0
                0x00000000800616b8                L800616B8
                0x00000000800616f8                L800616F8
                0x0000000080061730                L80061730
                0x0000000080061768                L80061768
 build/asm/62900.s.o(.text)
 .text          0x0000000080061d00     0x1160 build/asm/62900.s.o
                0x0000000080061d00                func_80061D00
                0x0000000080061e8c                func_80061E8C
                0x0000000080062018                func_80062018
                0x0000000080062114                func_80062114
                0x0000000080062154                func_80062154
                0x0000000080062210                func_80062210
                0x00000000800623e8                func_800623E8
                0x00000000800625c0                func_800625C0
                0x00000000800627e0                func_800627E0
                0x000000008006299c                func_8006299C
 build/asm/63A60.s.o(.text)
 .text          0x0000000080062e60     0x1bb0 build/asm/63A60.s.o
                0x0000000080062e60                func_80062E60
                0x0000000080062fa4                func_80062FA4
                0x0000000080062fd0                func_80062FD0
                0x0000000080063274                func_80063274
                0x000000008006336c                func_8006336C
                0x00000000800634ec                func_800634EC
                0x00000000800636c8                func_800636C8
                0x0000000080063930                func_80063930
                0x0000000080063990                func_80063990
                0x0000000080063b78                func_80063B78
                0x0000000080063c54                func_80063C54
                0x0000000080063cfc                func_80063CFC
                0x0000000080063d64                func_80063D64
                0x0000000080063dcc                func_80063DCC
                0x0000000080063f50                func_80063F50
                0x000000008006410c                func_8006410C
                0x00000000800643e4                func_800643E4
                0x0000000080064660                func_80064660
                0x0000000080064940                func_80064940
 build/asm/65610.s.o(.text)
 .text          0x0000000080064a10      0x9e0 build/asm/65610.s.o
                0x0000000080064a10                func_80064A10
                0x0000000080064b3c                func_80064B3C
                0x0000000080064b8c                func_80064B8C
                0x0000000080064c14                func_80064C14
                0x0000000080064c1c                func_80064C1C
                0x0000000080064d40                func_80064D40
                0x0000000080064e60                func_80064E60
                0x0000000080064f54                func_80064F54
                0x0000000080064fdc                func_80064FDC
                0x000000008006502c                func_8006502C
                0x00000000800650d8                func_800650D8
                0x0000000080065140                func_80065140
                0x0000000080065204                func_80065204
                0x0000000080065240                func_80065240
                0x00000000800652f8                L800652F8
                0x0000000080065378                L80065378
                0x00000000800653cc                L800653CC
 build/asm/65FF0.s.o(.text)
 .text          0x00000000800653f0      0x240 build/asm/65FF0.s.o
                0x00000000800653f0                func_800653F0
                0x0000000080065454                func_80065454
                0x00000000800654c0                func_800654C0
                0x00000000800655d8                L800655D8
                0x00000000800655e0                L800655E0
                0x00000000800655e8                L800655E8
                0x00000000800655f0                L800655F0
                0x00000000800655f8                L800655F8
                0x0000000080065600                L80065600
                0x0000000080065604                L80065604
 build/asm/66230.s.o(.text)
 .text          0x0000000080065630      0x110 build/asm/66230.s.o
                0x0000000080065630                func_80065630
                0x0000000080065690                func_80065690
                0x0000000080065704                func_80065704
 build/asm/66340.s.o(.text)
 .text          0x0000000080065740      0x400 build/asm/66340.s.o
                0x0000000080065740                func_80065740
                0x000000008006578c                func_8006578C
                0x00000000800657b0                func_800657B0
                0x0000000080065884                func_80065884
                0x00000000800658fc                func_800658FC
                0x0000000080065ad0                func_80065AD0
                0x0000000080065b00                func_80065B00
 build/asm/66740.s.o(.text)
 .text          0x0000000080065b40       0x60 build/asm/66740.s.o
                0x0000000080065b40                func_80065B40
 build/asm/667A0.s.o(.text)
 .text          0x0000000080065ba0      0x250 build/asm/667A0.s.o
                0x0000000080065ba0                func_80065BA0
                0x0000000080065ba8                func_80065BA8
                0x0000000080065bb0                func_80065BB0
                0x0000000080065c9c                func_80065C9C
                0x0000000080065ca4                func_80065CA4
                0x0000000080065da8                func_80065DA8
 build/asm/669F0.s.o(.text)
 .text          0x0000000080065df0       0x40 build/asm/669F0.s.o
                0x0000000080065df0                func_80065DF0
 build/asm/66A30.s.o(.text)
 .text          0x0000000080065e30       0x30 build/asm/66A30.s.o
                0x0000000080065e30                func_80065E30
 build/asm/66A60.s.o(.text)
 .text          0x0000000080065e60       0xb0 build/asm/66A60.s.o
                0x0000000080065e60                func_80065E60
 build/asm/66B10.s.o(.text)
 .text          0x0000000080065f10      0x110 build/asm/66B10.s.o
                0x0000000080065f10                func_80065F10
 build/asm/66C20.s.o(.text)
 .text          0x0000000080066020       0x40 build/asm/66C20.s.o
                0x0000000080066020                func_80066020
 build/asm/66C60.s.o(.text)
 .text          0x0000000080066060      0x170 build/asm/66C60.s.o
                0x0000000080066060                func_80066060
                0x0000000080066090                func_80066090
 build/asm/66DD0.s.o(.text)
 .text          0x00000000800661d0      0xac0 build/asm/66DD0.s.o
                0x00000000800661d0                func_800661D0
                0x0000000080066270                func_80066270
                0x0000000080066310                func_80066310
                0x00000000800663d4                func_800663D4
                0x000000008006642c                func_8006642C
                0x0000000080066434                func_80066434
                0x000000008006672c                func_8006672C
                0x0000000080066840                func_80066840
                0x00000000800669ac                func_800669AC
                0x00000000800669b4                func_800669B4
                0x0000000080066ab0                func_80066AB0
                0x0000000080066b1c                func_80066B1C
 build/asm/67890.s.o(.text)
 .text          0x0000000080066c90       0x40 build/asm/67890.s.o
                0x0000000080066c90                func_80066C90
 build/asm/678D0.s.o(.text)
 .text          0x0000000080066cd0      0x950 build/asm/678D0.s.o
                0x0000000080066cd0                func_80066CD0
                0x0000000080066d00                func_80066D00
                0x0000000080066d50                func_80066D50
                0x0000000080066f10                func_80066F10
                0x0000000080066f8c                func_80066F8C
                0x0000000080066f94                func_80066F94
                0x0000000080066f9c                func_80066F9C
                0x0000000080067038                L80067038
                0x00000000800671a0                L800671A0
                0x000000008006726c                L8006726C
                0x00000000800672d4                L800672D4
                0x0000000080067328                L80067328
                0x0000000080067350                L80067350
                0x00000000800673b4                L800673B4